// Jest Snapshot v1, https://goo.gl/fbAQLP

exports[`should render correctly 1`] = `
ShallowWrapper {
  "length": 1,
  Symbol(enzyme.__root__): [Circular],
  Symbol(enzyme.__unrendered__): <Dashboard />,
  Symbol(enzyme.__renderer__): Object {
    "batchedUpdates": [Function],
    "getNode": [Function],
    "render": [Function],
    "simulateEvent": [Function],
    "unmount": [Function],
  },
  Symbol(enzyme.__node__): Object {
    "instance": null,
    "key": undefined,
    "nodeType": "host",
    "props": Object {
      "children": Array [
        "Dashboard!",
        <div
          className="fixed-action-btn"
>
          <Button
                    as={[Function]}
                    circular={true}
                    floated="right"
                    icon={true}
                    positive={true}
                    role="button"
                    to="/recipesNew"
          >
                    <Icon
                              as="i"
                              name="add"
                              size="large"
                    />
          </Button>
</div>,
      ],
    },
    "ref": null,
    "rendered": Array [
      "Dashboard!",
      Object {
        "instance": null,
        "key": undefined,
        "nodeType": "host",
        "props": Object {
          "children": <Button
            as={[Function]}
            circular={true}
            floated="right"
            icon={true}
            positive={true}
            role="button"
            to="/recipesNew"
>
            <Icon
                        as="i"
                        name="add"
                        size="large"
            />
</Button>,
          "className": "fixed-action-btn",
        },
        "ref": null,
        "rendered": Object {
          "instance": null,
          "key": undefined,
          "nodeType": "class",
          "props": Object {
            "as": [Function],
            "children": <Icon
              as="i"
              name="add"
              size="large"
/>,
            "circular": true,
            "floated": "right",
            "icon": true,
            "positive": true,
            "role": "button",
            "to": "/recipesNew",
          },
          "ref": null,
          "rendered": Object {
            "instance": null,
            "key": undefined,
            "nodeType": "class",
            "props": Object {
              "as": "i",
              "name": "add",
              "size": "large",
            },
            "ref": null,
            "rendered": null,
            "type": [Function],
          },
          "type": [Function],
        },
        "type": "div",
      },
    ],
    "type": "div",
  },
  Symbol(enzyme.__nodes__): Array [
    Object {
      "instance": null,
      "key": undefined,
      "nodeType": "host",
      "props": Object {
        "children": Array [
          "Dashboard!",
          <div
            className="fixed-action-btn"
>
            <Button
                        as={[Function]}
                        circular={true}
                        floated="right"
                        icon={true}
                        positive={true}
                        role="button"
                        to="/recipesNew"
            >
                        <Icon
                                    as="i"
                                    name="add"
                                    size="large"
                        />
            </Button>
</div>,
        ],
      },
      "ref": null,
      "rendered": Array [
        "Dashboard!",
        Object {
          "instance": null,
          "key": undefined,
          "nodeType": "host",
          "props": Object {
            "children": <Button
              as={[Function]}
              circular={true}
              floated="right"
              icon={true}
              positive={true}
              role="button"
              to="/recipesNew"
>
              <Icon
                            as="i"
                            name="add"
                            size="large"
              />
</Button>,
            "className": "fixed-action-btn",
          },
          "ref": null,
          "rendered": Object {
            "instance": null,
            "key": undefined,
            "nodeType": "class",
            "props": Object {
              "as": [Function],
              "children": <Icon
                as="i"
                name="add"
                size="large"
/>,
              "circular": true,
              "floated": "right",
              "icon": true,
              "positive": true,
              "role": "button",
              "to": "/recipesNew",
            },
            "ref": null,
            "rendered": Object {
              "instance": null,
              "key": undefined,
              "nodeType": "class",
              "props": Object {
                "as": "i",
                "name": "add",
                "size": "large",
              },
              "ref": null,
              "rendered": null,
              "type": [Function],
            },
            "type": [Function],
          },
          "type": "div",
        },
      ],
      "type": "div",
    },
  ],
  Symbol(enzyme.__options__): Object {
    "adapter": ReactSixteenAdapter {
      "options": Object {
        "enableComponentDidUpdateOnSetState": true,
      },
    },
  },
}
`;
